<?xml version="1.0" encoding="shift_jis"?>
<!DOCTYPE html PUBLIC "-//W3C//DTD XHTML 1.0 Transitional//EN" "http://www.w3.org/TR/xhtml1/DTD/xhtml1-transitional.dtd">
<html xmlns="http://www.w3.org/1999/xhtml">
<head>

<meta name="copyright" content="Copyright (c) IBM Corporation and others 2000, 2005. This page is made available under license. For full details see the LEGAL in the documentation book that contains this page." />
<meta http-equiv="Content-Style-Type" content="text/css" />

<link rel="STYLESHEET" href="../book.css" charset="shift_jis" type="text/css" />
<title>エディター</title>

</head>
<body bgcolor="#ffffff">
<h3>
エディター</h3>
<p class="Para"> エディター・エリアには、編集中のファイルのタイプに応じて、適切なエディターが表示されます。例えば、.TXT ファイルを編集している場合は、テキスト・エディターがエディター・エリアに表示されます。下の図は、sample.txt ファイルを開いたエディターを表示しています。ファイル名がエディターのタブに表示されています。タブの左側にアスタリスク (*) が付いている場合は、保管されていない変更がエディターに保持されていることを示しています。保管されていない変更がある状態で、エディターを閉じようとしたり、またはワークベンチを終了しようとすると、エディターの変更を保管するように促すプロンプトが表示されます。 </p>
<p><img src="../images/Image5_text_editor.png" alt="Eclipse ワークベンチ、1 つのエディター" border="0" />
</p>


<p class="Para">何か一つのエディターがアクティブな時は、ワークベンチのメニュー・バーおよびツールバーに、そのエディターに適用できる操作が含まれます。ビューがアクティブになると、エディターの操作は使用不可になります。ただし、ビューのコンテキストにおいても適切ないくつかの操作は、使用可能なままの状態で残ります。</p>


<p class="Para"> エディター・エリアには複数のエディターを積み重ねて表示でき、それぞれのエディターのタブをクリックすることで、そのエディターがアクティブになります。エディター・エリアでは、複数のエディターをタイル表示で横に並べ、同時に内容を表示させることもできます。下の図では、sample.txt および otherFile.txt を開いたエディターが重なって表示されています。ビューおよびエディターの配置を変える方法については、このチュートリアルの後の章で説明します。</p>
<p><img src="../images/Image57_two_editors.png" alt="Eclipse ワークベンチ、2 つのエディター" border="0" />
</p>


<p>関連付けられたエディターのないリソースが開かれた場合は、ワークベンチは、プラットフォームに登録されている外部のエディターを起動しようと試みます。このような外部エディターは、ワークベンチにあまり緊密に統合されていないので、ワークベンチのエディター・エリアには組み込まれません。</p>
<p>また、ツールバーの前へおよび次への矢印ボタンを使用するか、Ctrl+F6 のアクセラレーターを使用して、複数のエディターを循環して切り替えることができます。矢印ボタンは、最後にマウスで選択したポイントから移動し、ファイル内の複数のポイントを移動してから次のファイルに移ります。Ctrl+F6 は、現在表示されているエディターのリストを表示し、デフォルトでは、 現在選択中のエディターの一つ前のエディターが選択されています。(Macintosh では、アクセラレーターは Command+F6 キーを使います。)</p>
<p><img src="../images/win_only.png" alt="Windows のみ" border="0" />
また、Windows では、ワークベンチは OLE 文書エディターとして、インプレースにエディターの起動を試みます。例えば、DOC ファイルを編集しようとすると、Microsoft Word がマシンにインストールされていれば、ワークベンチの中で Microsoft Word がインプレースに開くことになります。Microsoft Word がインストールされていなければ、代わりにワードパッドが開きます。</p>



</body>
</html>
