<!--
   Test to make sure the dynamic content producer applies to XHTML inside
   a file with extension .html
--><!DOCTYPE html PUBLIC "-//W3C//DTD XHTML 1.0 Transitional//EN" "http://www.w3.org/TR/xhtml1/DTD/xhtml1-transitional.dtd">
<html xmlns="http://www.w3.org/1999/xhtml">
<head>

<title>dynamic2.html</title>
</head>
<body>

<h2>dynamic2.html</h2>
<p>
This page contains filtered content.
</p>

<p filter="os!=invalid">
This paragraph, which has filter attribute "os!=invalid" should never be filtered out.
</p>

<p filter="plugin!=my.invalid.plugin.id.012345">
This paragraph, which has filter attribute "plugin!=my.invalid.plugin.id.012345" should never be filtered out.
</p>

<p>
   <filter name="plugin" value="!my.invalid.plugin.id.012345" />
   This paragraph, which has filter element name="plugin", value="!my.invalid.plugin.id.012345",
   should never be filtered out.
</p>

<p id="my.paragraph.id">
   This paragraph comes from <code>include2.html</code>.
</p>

</body>
</html>